{
  "user_name": "ashtkn",
  "passward": "test"
}
