{
  "user_name": "ashtkn",
  "password": "test"
}
