[
  {
    "id": 1,
    "title": "task1",
    "status": "todo"
  },
  {
    "id": 2,
    "title": "task2",
    "status": "done"
  }
]
